error: expected `impl`
 --> $DIR/widget-on-struct.rs:4:1
  |
4 | struct Bar;
  | ^^^^^^
